// Jest Snapshot v1, https://goo.gl/fbAQLP

exports[`Section: Testing sections Matches snapshot 1`] = `
<div>
  <div
    class="MuiBox-root css-1qm1lh"
  >
    <h3
      class="MuiTypography-root MuiTypography-h3 MuiTypography-gutterBottom css-uynfxu-MuiTypography-root"
    >
      Test Section
    </h3>
    <div
      id="image list"
    >
      <div
        class="MuiBox-root css-15vft8n"
      >
        <div
          class="MuiBox-root css-1v0nlel"
        >
          <div
            class="MuiPaper-root MuiPaper-outlined MuiPaper-rounded MuiCard-root css-1nol6xz-MuiPaper-root-MuiCard-root"
            data-testid="recipe"
          >
            <button
              class="MuiButtonBase-root MuiCardActionArea-root css-coyn9m-MuiButtonBase-root-MuiCardActionArea-root"
              tabindex="0"
              type="button"
            >
              <div
                class="MuiCardContent-root css-gft20x-MuiCardContent-root"
              >
                <div
                  class="MuiBox-root css-1n2mv2k"
                >
                  <img
                    alt="Picture of the recipe"
                    data-nimg="1"
                    decoding="async"
                    height="200"
                    loading="lazy"
                    src="/_next/image?url=https%3A%2F%2Fencrypted-tbn0.gstatic.com%2Fimages%3Fq%3Dtbn%3AANd9GcSDR5k6f14Em_mZ20WnXBTkryMTyBNUgmKGHEvWfEnzYCy8C-h0&w=640&q=75"
                    srcset="/_next/image?url=https%3A%2F%2Fencrypted-tbn0.gstatic.com%2Fimages%3Fq%3Dtbn%3AANd9GcSDR5k6f14Em_mZ20WnXBTkryMTyBNUgmKGHEvWfEnzYCy8C-h0&w=256&q=75 1x, /_next/image?url=https%3A%2F%2Fencrypted-tbn0.gstatic.com%2Fimages%3Fq%3Dtbn%3AANd9GcSDR5k6f14Em_mZ20WnXBTkryMTyBNUgmKGHEvWfEnzYCy8C-h0&w=640&q=75 2x"
                    style="color: transparent; object-fit: cover;"
                    width="200"
                  />
                </div>
                <h6
                  class="MuiTypography-root MuiTypography-h6 css-1xi0wmd-MuiTypography-root"
                >
                  PB & J Sandwich
                </h6>
                <p
                  class="MuiTypography-root MuiTypography-body2 css-1xab1fm-MuiTypography-root"
                >
                  This is a description.
                </p>
                <div
                  class="MuiBox-root css-1grvyzh"
                >
                  <p
                    class="MuiTypography-root MuiTypography-body2 css-18dhfmy-MuiTypography-root"
                  >
                    No reviews yet
                  </p>
                </div>
              </div>
              <span
                class="MuiCardActionArea-focusHighlight css-1h5un5t-MuiCardActionArea-focusHighlight"
              />
            </button>
          </div>
        </div>
        <div
          class="MuiBox-root css-1v0nlel"
        >
          <div
            class="MuiPaper-root MuiPaper-outlined MuiPaper-rounded MuiCard-root css-1nol6xz-MuiPaper-root-MuiCard-root"
            data-testid="recipe"
          >
            <button
              class="MuiButtonBase-root MuiCardActionArea-root css-coyn9m-MuiButtonBase-root-MuiCardActionArea-root"
              tabindex="0"
              type="button"
            >
              <div
                class="MuiCardContent-root css-gft20x-MuiCardContent-root"
              >
                <div
                  class="MuiBox-root css-1n2mv2k"
                >
                  <img
                    alt="Picture of the recipe"
                    data-nimg="1"
                    decoding="async"
                    height="200"
                    loading="lazy"
                    src="/_next/image?url=https%3A%2F%2Fencrypted-tbn2.gstatic.com%2Fimages%3Fq%3Dtbn%3AANd9GcRRffb4EBMFI__Cgw0YvIb1oB9tyVO5uJstECGV2ShVKydx9Kb9&w=640&q=75"
                    srcset="/_next/image?url=https%3A%2F%2Fencrypted-tbn2.gstatic.com%2Fimages%3Fq%3Dtbn%3AANd9GcRRffb4EBMFI__Cgw0YvIb1oB9tyVO5uJstECGV2ShVKydx9Kb9&w=256&q=75 1x, /_next/image?url=https%3A%2F%2Fencrypted-tbn2.gstatic.com%2Fimages%3Fq%3Dtbn%3AANd9GcRRffb4EBMFI__Cgw0YvIb1oB9tyVO5uJstECGV2ShVKydx9Kb9&w=640&q=75 2x"
                    style="color: transparent; object-fit: cover;"
                    width="200"
                  />
                </div>
                <h6
                  class="MuiTypography-root MuiTypography-h6 css-1xi0wmd-MuiTypography-root"
                >
                  PB & J Sandwich 2
                </h6>
                <p
                  class="MuiTypography-root MuiTypography-body2 css-1xab1fm-MuiTypography-root"
                >
                  A variation of the classic PB & J.
                </p>
                <div
                  class="MuiBox-root css-1grvyzh"
                >
                  <p
                    class="MuiTypography-root MuiTypography-body2 css-18dhfmy-MuiTypography-root"
                  >
                    No reviews yet
                  </p>
                </div>
              </div>
              <span
                class="MuiCardActionArea-focusHighlight css-1h5un5t-MuiCardActionArea-focusHighlight"
              />
            </button>
          </div>
        </div>
      </div>
    </div>
  </div>
</div>
`;
